// Jest Snapshot v1, https://goo.gl/fbAQLP

exports[`snapshot should work 1`] = `
[
  122,
]
`;
